[technext.github.io/Fitness/index.html]
[backblue.gif]
[fade.gif]
[index.html]
[technext.github.io/Fitness/images/favicon.jpg]
[technext.github.io/Fitness/css/reset.css]
[technext.github.io/Fitness/css/animate.min.css]
[technext.github.io/Fitness/css/bootstrap.min.css]
[technext.github.io/Fitness/css/style.css]
[technext.github.io/Fitness/css/font-awesome.css]
[technext.github.io/Fitness/css/owl.carousel.css]
[technext.github.io/Fitness/css/responsive.css]
[technext.github.io/Fitness/css/player/YTPlayer.css]
[technext.github.io/Fitness/css/pro-bars.css]
[technext.github.io/Fitness/images/logo-icon.png]
[technext.github.io/Fitness/images/clients/9.jpg]
[technext.github.io/Fitness/images/clients/2.jpg]
[technext.github.io/Fitness/images/clients/3.jpg]
[technext.github.io/Fitness/images/clients/4.jpg]
[technext.github.io/Fitness/images/clients/5.jpg]
[technext.github.io/Fitness/images/clients/6.jpg]
[technext.github.io/Fitness/images/clients/7.jpg]
[technext.github.io/Fitness/images/clients/8.jpg]
[technext.github.io/Fitness/images/clients/1.jpg]
[technext.github.io/Fitness/js/jquery-1.11.0.min.js]
[technext.github.io/Fitness/js/bootstrap.min.js]
[technext.github.io/Fitness/js/jquery.appear.js]
[technext.github.io/Fitness/js/jquery.prettyPhoto.js]
[technext.github.io/Fitness/js/modernizr-latest.js]
[technext.github.io/Fitness/js/SmoothScroll.js]
[technext.github.io/Fitness/js/jquery.parallax-1.1.3.js]
[technext.github.io/Fitness/js/jquery.easing.1.3.js]
[technext.github.io/Fitness/js/jquery.superslides.js]
[technext.github.io/Fitness/js/jquery.flexslider.js]
[technext.github.io/Fitness/js/jquery.mb.YTPlayer.js]
[technext.github.io/Fitness/js/jquery.fitvids.js]
[technext.github.io/Fitness/js/jquery.slabtext.js]
[technext.github.io/Fitness/js/plugins.js]
[technext.github.io/Fitness/index.html]
[technext.github.io/Fitness/css/reset.css]
[technext.github.io/Fitness/css/animate.min.css]
[technext.github.io/Fitness/fonts/glyphicons-halflings-regular.html]
[technext.github.io/Fitness/fonts/glyphicons-halflings-regulard41dd41d.html]
[technext.github.io/Fitness/fonts/glyphicons-halflings-regular-2.html]
[technext.github.io/Fitness/fonts/glyphicons-halflings-regular-3.html]
[technext.github.io/Fitness/fonts/glyphicons-halflings-regular-4.html]
[technext.github.io/Fitness/css/bootstrap.min.css]
[technext.github.io/Fitness/images/pattern-white.png]
[technext.github.io/Fitness/images/1.jpg]
[technext.github.io/Fitness/images/5.jpg]
[technext.github.io/Fitness/images/4.jpg]
[technext.github.io/Fitness/images/3.jpg]
[technext.github.io/Fitness/images/slider-arrows.png]
[technext.github.io/Fitness/images/parallax/1.jpg]
[technext.github.io/Fitness/images/parallax/3.jpg]
[technext.github.io/Fitness/images/parallax/2.jpg]
[technext.github.io/Fitness/images/testimonial-controls.png]
[technext.github.io/Fitness/images/mac.png]
[technext.github.io/Fitness/images/bgd/background5.jpg]
[technext.github.io/Fitness/images/parallax/4.jpg]
[technext.github.io/Fitness/css/style.css]
[technext.github.io/Fitness/fonts/fontawesome-webfont862f862f.eot]
[technext.github.io/Fitness/fonts/fontawesome-webfontd41dd41d.eot]
[technext.github.io/Fitness/fonts/fontawesome-webfont862f862f.woff]
[technext.github.io/Fitness/fonts/fontawesome-webfont862f862f.ttf]
[technext.github.io/Fitness/css/font-awesome.css]
[technext.github.io/Fitness/fonts/fontawesome-webfont862f862f.svg]
[technext.github.io/Fitness/css/grabbing.html]
[technext.github.io/Fitness/css/owl.carousel.css]
[technext.github.io/Fitness/images/parallax/5.jpg]
[technext.github.io/Fitness/css/responsive.css]
[technext.github.io/Fitness/css/player/ytp-regular.eot]
[technext.github.io/Fitness/css/player/ytp-regular.ttf]
[technext.github.io/Fitness/css/images/raster.html]
[technext.github.io/Fitness/css/images/raster@2x.html]
[technext.github.io/Fitness/css/player/YTPlayer.css]
[technext.github.io/Fitness/css/pro-bars.css]
[technext.github.io/Fitness/fonts/glyphicons-halflings-regular.html]
[technext.github.io/Fitness/fonts/glyphicons-halflings-regulard41dd41d.html]
[technext.github.io/Fitness/fonts/glyphicons-halflings-regular-2.html]
[technext.github.io/Fitness/fonts/glyphicons-halflings-regular-3.html]
[technext.github.io/Fitness/fonts/glyphicons-halflings-regular-4.html]
[technext.github.io/Fitness/images/parallax/1.html]
[technext.github.io/Fitness/images/mac.html]
[technext.github.io/Fitness/fonts/fontawesome-webfont862f862f.svg]
[technext.github.io/Fitness/css/grabbing.html]
[technext.github.io/Fitness/images/parallax/5.html]
[technext.github.io/Fitness/css/images/raster.html]
[technext.github.io/Fitness/css/images/raster@2x.html]
